[themewar.com/html/makeover/index.html]
[backblue.gif]
[fade.gif]
[index.html]
[themewar.com/html/makeover/css/bootstrap.css]
[themewar.com/html/makeover/css/owl.theme.default.min.css]
[themewar.com/html/makeover/css/owl.carousel.min.css]
[themewar.com/html/makeover/css/animate.css]
[themewar.com/html/makeover/css/icofont.css]
[themewar.com/html/makeover/css/nounicon.css]
[themewar.com/html/makeover/css/makeover-icon.css]
[themewar.com/html/makeover/css/nice-select.css]
[themewar.com/html/makeover/css/jquery.datetimepicker.min.css]
[themewar.com/html/makeover/css/slick.css]
[themewar.com/html/makeover/css/lightcase.css]
[themewar.com/html/makeover/css/lightslider.css]
[themewar.com/html/makeover/css/settings.css]
[themewar.com/html/makeover/css/preset.css]
[themewar.com/html/makeover/css/ignore_for_wp.css]
[themewar.com/html/makeover/css/theme.css]
[themewar.com/html/makeover/css/responsive.css]
[themewar.com/html/makeover/images/favicon.png]
[themewar.com/html/makeover/images/logo.png]
[themewar.com/html/makeover/index2.html]
[themewar.com/html/makeover/index3.html]
[themewar.com/html/makeover/about.html]
[themewar.com/html/makeover/service1.html]
[themewar.com/html/makeover/service2.html]
[themewar.com/html/makeover/single-service.html]
[themewar.com/html/makeover/shop.html]
[themewar.com/html/makeover/shop2.html]
[themewar.com/html/makeover/single-product.html]
[themewar.com/html/makeover/cart.html]
[themewar.com/html/makeover/checkout.html]
[themewar.com/html/makeover/my-account.html]
[themewar.com/html/makeover/blog1.html]
[themewar.com/html/makeover/blog4.html]
[themewar.com/html/makeover/blog5.html]
[themewar.com/html/makeover/blog2.html]
[themewar.com/html/makeover/blog3.html]
[themewar.com/html/makeover/single-blog.html]
[themewar.com/html/makeover/booking.html]
[themewar.com/html/makeover/package.html]
[themewar.com/html/makeover/testimonial.html]
[themewar.com/html/makeover/faq.html]
[themewar.com/html/makeover/gallery.html]
[themewar.com/html/makeover/single-gallery.html]
[themewar.com/html/makeover/team.html]
[themewar.com/html/makeover/single-team.html]
[themewar.com/html/makeover/contact.html]
[themewar.com/html/makeover/images/bg/layer.png]
[themewar.com/html/makeover/images/home_01/layer.png]
[themewar.com/html/makeover/images/bg/page_layer.png]
[themewar.com/html/makeover/images/icons/1.png]
[themewar.com/html/makeover/images/bg/7.png]
[themewar.com/html/makeover/images/bg/4.png]
[themewar.com/html/makeover/images/bg/5.png]
[themewar.com/html/makeover/images/bg/6.png]
[themewar.com/html/makeover/images/home_01/1.jpg]
[themewar.com/html/makeover/images/bg/12.png]
[themewar.com/html/makeover/images/icons/2.png]
[themewar.com/html/makeover/images/bg/11.png]
[themewar.com/html/makeover/images/bg/14.png]
[themewar.com/html/makeover/images/home_01/p1.jpg]
[themewar.com/html/makeover/images/home_01/p2.jpg]
[themewar.com/html/makeover/images/home_01/p3.jpg]
[themewar.com/html/makeover/images/home_01/p4.jpg]
[themewar.com/html/makeover/images/home_01/p5.jpg]
[themewar.com/html/makeover/images/home_01/p6.jpg]
[themewar.com/html/makeover/images/home_01/p7.jpg]
[themewar.com/html/makeover/images/home_01/p8.jpg]
[themewar.com/html/makeover/images/client_logo/1.png]
[themewar.com/html/makeover/images/client_logo/2.png]
[themewar.com/html/makeover/images/client_logo/3.png]
[themewar.com/html/makeover/images/client_logo/4.png]
[themewar.com/html/makeover/images/client_logo/5.png]
[themewar.com/html/makeover/images/home_01/quote.png]
[themewar.com/html/makeover/images/home_01/t1.png]
[themewar.com/html/makeover/images/home_01/t2.png]
[themewar.com/html/makeover/images/home_01/t3.png]
[themewar.com/html/makeover/images/bg/16.png]
[themewar.com/html/makeover/images/blog/1.jpg]
[themewar.com/html/makeover/images/blog/2.jpg]
[themewar.com/html/makeover/images/blog/3.jpg]
[themewar.com/html/makeover/images/instagram/1.jpg]
[themewar.com/html/makeover/images/instagram/2.jpg]
[themewar.com/html/makeover/images/instagram/3.jpg]
[themewar.com/html/makeover/images/instagram/4.jpg]
[themewar.com/html/makeover/images/instagram/5.jpg]
[themewar.com/html/makeover/images/instagram/6.jpg]
[themewar.com/html/makeover/images/bg/footer.png]
[themewar.com/cdn-cgi/scripts/5c5dd728/cloudflare-static/email-decode.min.js]
[themewar.com/html/makeover/js/jquery.js]
[themewar.com/html/makeover/js/jquery-ui.js]
[themewar.com/html/makeover/js/bootstrap.min.js]
[themewar.com/html/makeover/js/owl.carousel.min.js]
[themewar.com/html/makeover/js/jquery.appear.js]
[themewar.com/html/makeover/js/gmaps.js]
[themewar.com/html/makeover/js/jquery.nice-select.min.js]
[themewar.com/html/makeover/js/jquery.datetimepicker.full.min.js]
[themewar.com/html/makeover/js/slick.js]
[themewar.com/html/makeover/js/lightcase.js]
[themewar.com/html/makeover/js/lightslider.js]
[themewar.com/html/makeover/js/tweenmax.min.js]
[themewar.com/html/makeover/js/theia-sticky-sidebar.min.js]
[themewar.com/html/makeover/js/ResizeSensor.min.js]
[themewar.com/html/makeover/js/jquery.themepunch.tools.min.js]
[themewar.com/html/makeover/js/jquery.themepunch.revolution.min.js]
[themewar.com/html/makeover/js/extensions/revolution.extension.actions.min.js]
[themewar.com/html/makeover/js/extensions/revolution.extension.carousel.min.js]
[themewar.com/html/makeover/js/extensions/revolution.extension.kenburn.min.js]
[themewar.com/html/makeover/js/extensions/revolution.extension.layeranimation.min.js]
[themewar.com/html/makeover/js/extensions/revolution.extension.migration.min.js]
[themewar.com/html/makeover/js/extensions/revolution.extension.navigation.min.js]
[themewar.com/html/makeover/js/extensions/revolution.extension.parallax.min.js]
[themewar.com/html/makeover/js/extensions/revolution.extension.slideanims.min.js]
[themewar.com/html/makeover/js/extensions/revolution.extension.video.min.js]
[themewar.com/html/makeover/index.html]
[themewar.com/html/makeover/css/bootstrap.css]
[themewar.com/html/makeover/css/owl.theme.default.min.css]
[themewar.com/html/makeover/js/theme.js]
[themewar.com/html/makeover/css/owl.video.play.png]
[themewar.com/html/makeover/css/owl.carousel.min.css]
[themewar.com/html/makeover/css/animate.css]
[themewar.com/html/makeover/fonts/icofont.woff2]
[themewar.com/html/makeover/fonts/icofont.woff]
[themewar.com/html/makeover/css/icofont.css]
[themewar.com/html/makeover/fonts/noun74be.eot]
[themewar.com/html/makeover/fonts/noun74be.ttf]
[themewar.com/html/makeover/fonts/noun74be.woff]
[themewar.com/html/makeover/css/nounicon.css]
[themewar.com/html/makeover/fonts/noun74be.svg]
[themewar.com/html/makeover/fonts/MakeOver220e.eot]
[themewar.com/html/makeover/fonts/MakeOver220e.ttf]
[themewar.com/html/makeover/fonts/MakeOver220e.woff]
[themewar.com/html/makeover/css/makeover-icon.css]
[themewar.com/html/makeover/css/nice-select.css]
[themewar.com/html/makeover/css/jquery.datetimepicker.min.css]
[themewar.com/html/makeover/css/slick.css]
[themewar.com/html/makeover/fonts/MakeOver220e.svg]
[themewar.com/html/makeover/fonts/lightcaseeead.eot]
[themewar.com/html/makeover/fonts/lightcaseeead.woff]
[themewar.com/html/makeover/fonts/lightcaseeead.ttf]
[themewar.com/html/makeover/css/lightcase.css]
[themewar.com/html/makeover/css/lightslider.css]
[themewar.com/html/makeover/fonts/lightcaseeead.svg]
[themewar.com/html/makeover/fonts/revicons/revicons90c6.eot]
[themewar.com/html/makeover/fonts/revicons/revicons90c6.woff]
[themewar.com/html/makeover/fonts/revicons/revicons90c6.ttf]
[themewar.com/html/makeover/fonts/revicons/revicons90c6.svg]
[themewar.com/html/makeover/css/openhand.cur]
[themewar.com/html/makeover/css/closedhand.cur]
[themewar.com/html/makeover/assets/gridtile.png]
[themewar.com/html/makeover/assets/gridtile_white.png]
[themewar.com/html/makeover/assets/gridtile_3x3.png]
[themewar.com/html/makeover/assets/gridtile_3x3_white.png]
[themewar.com/html/makeover/assets/coloredbg.png]
[themewar.com/html/makeover/css/settings.css]
[themewar.com/html/makeover/loader.gif]
[themewar.com/html/makeover/css/preset.css]
[themewar.com/html/makeover/images/bg/9.png]
[themewar.com/html/makeover/images/bg/10.png]
[themewar.com/html/makeover/images/bg/4.jpg]
[themewar.com/html/makeover/images/bg/6.jpg]
[themewar.com/html/makeover/images/bg/21.png]
[themewar.com/html/makeover/images/bg/7.jpg]
[themewar.com/html/makeover/images/bg/8.jpg]
[themewar.com/html/makeover/images/bg/10.jpg]
[themewar.com/html/makeover/images/bg/11.jpg]
[themewar.com/html/makeover/images/bg/26.png]
[themewar.com/html/makeover/css/ignore_for_wp.css]
[themewar.com/html/makeover/images/close.png]
[themewar.com/html/makeover/images/home_01/after.png]
[themewar.com/html/makeover/images/bg/2.jpg]
[themewar.com/html/makeover/images/bg/3.jpg]
[themewar.com/html/makeover/images/bg/8.png]
[themewar.com/html/makeover/images/bg/13.png]
[themewar.com/html/makeover/images/bg/15.png]
[themewar.com/html/makeover/images/bg/17.png]
[themewar.com/html/makeover/images/bg/18.png]
[themewar.com/html/makeover/images/bg/22.png]
[themewar.com/html/makeover/images/bg/banner_after.png]
[themewar.com/html/makeover/images/bg/27.png]
[themewar.com/html/makeover/css/theme.css]
[themewar.com/html/makeover/css/responsive.css]
[themewar.com/html/makeover/images/logo2.png]
[themewar.com/html/makeover/images/bg/5.jpg]
[themewar.com/html/makeover/images/bg/sl2.png]
[themewar.com/html/makeover/images/home_02/1.jpg]
[themewar.com/html/makeover/images/bg/19.png]
[themewar.com/html/makeover/images/home_02/s1.jpg]
[themewar.com/html/makeover/images/home_02/s2.jpg]
[themewar.com/html/makeover/images/home_02/s3.jpg]
[themewar.com/html/makeover/images/bg/20.png]
[themewar.com/html/makeover/images/home_02/t1.jpg]
[themewar.com/html/makeover/images/home_02/t2.jpg]
[themewar.com/html/makeover/images/home_02/t3.jpg]
[themewar.com/html/makeover/images/home_02/t4.jpg]
[themewar.com/html/makeover/images/product/1.jpg]
[themewar.com/html/makeover/images/product/2.jpg]
[themewar.com/html/makeover/images/product/3.jpg]
[themewar.com/html/makeover/images/product/4.jpg]
[themewar.com/html/makeover/images/product/5.jpg]
[themewar.com/html/makeover/index2.html]
[themewar.com/html/makeover/images/bg/9.jpg]
[themewar.com/html/makeover/images/bg/12.jpg]
[themewar.com/html/makeover/images/bg/23.png]
[themewar.com/html/makeover/images/home_03/1.jpg]
[themewar.com/html/makeover/images/bg/24.png]
[themewar.com/html/makeover/images/bg/25.png]
[themewar.com/html/makeover/images/home_03/2.jpg]
[themewar.com/html/makeover/images/home_03/3.jpg]
[themewar.com/html/makeover/images/home_03/4.jpg]
[themewar.com/html/makeover/images/icons/3.png]
[themewar.com/html/makeover/images/home_03/t1.jpg]
[themewar.com/html/makeover/images/home_03/t2.jpg]
[themewar.com/html/makeover/images/home_03/t3.jpg]
[themewar.com/html/makeover/images/instagram/7.jpg]
[themewar.com/html/makeover/images/instagram/8.jpg]
[themewar.com/html/makeover/images/instagram/9.jpg]
[themewar.com/html/makeover/images/instagram/10.jpg]
[themewar.com/html/makeover/images/instagram/11.jpg]
[themewar.com/html/makeover/index3.html]
[themewar.com/html/makeover/images/bg/banner_layer.png]
[themewar.com/html/makeover/images/about/2.png]
[themewar.com/html/makeover/images/about/1.png]
[themewar.com/html/makeover/images/about/3.png]
[themewar.com/html/makeover/images/icons/4.png]
[themewar.com/html/makeover/images/about/4.png]
[themewar.com/html/makeover/about.html]
[themewar.com/html/makeover/service1.html]
[themewar.com/html/makeover/images/home_02/s4.jpg]
[themewar.com/html/makeover/images/home_02/s5.jpg]
[themewar.com/html/makeover/service2.html]
[themewar.com/html/makeover/images/single_service/1.jpg]
[themewar.com/html/makeover/images/single_service/2.jpg]
[themewar.com/html/makeover/images/single_service/3.jpg]
[themewar.com/html/makeover/images/gallery/1.jpg]
[themewar.com/html/makeover/images/gallery/2.jpg]
[themewar.com/html/makeover/images/gallery/3.jpg]
[themewar.com/html/makeover/images/gallery/4.jpg]
[themewar.com/html/makeover/images/gallery/5.jpg]
[themewar.com/html/makeover/single-service.html]
[themewar.com/html/makeover/images/product/6.jpg]
[themewar.com/html/makeover/images/product/7.jpg]
[themewar.com/html/makeover/images/product/p1.jpg]
[themewar.com/html/makeover/images/product/p2.jpg]
[themewar.com/html/makeover/images/product/p3.jpg]
[themewar.com/html/makeover/shop.html]
[themewar.com/html/makeover/images/product/8.jpg]
[themewar.com/html/makeover/images/product/9.jpg]
[themewar.com/html/makeover/shop2.html]
[themewar.com/html/makeover/images/product/ss1.jpg]
[themewar.com/html/makeover/images/product/s1.jpg]
[themewar.com/html/makeover/images/product/ss2.jpg]
[themewar.com/html/makeover/images/product/s2.jpg]
[themewar.com/html/makeover/images/product/ss3.jpg]
[themewar.com/html/makeover/images/product/s3.jpg]
[themewar.com/html/makeover/images/product/ss4.jpg]
[themewar.com/html/makeover/images/product/s4.jpg]
[themewar.com/html/makeover/images/blog/a1.jpg]
[themewar.com/html/makeover/images/blog/a2.jpg]
[themewar.com/html/makeover/images/blog/a3.jpg]
[themewar.com/html/makeover/single-product.html]
[themewar.com/html/makeover/cart.html]
[themewar.com/html/makeover/checkout.html]
[themewar.com/html/makeover/my-account.html]
[themewar.com/html/makeover/images/blog/4.jpg]
[themewar.com/html/makeover/images/blog/5.jpg]
[themewar.com/html/makeover/images/blog/6.jpg]
[themewar.com/html/makeover/blog1.html]
[themewar.com/html/makeover/blog4.html]
[themewar.com/html/makeover/blog5.html]
[themewar.com/html/makeover/images/blog/t1.jpg]
[themewar.com/html/makeover/images/blog/t2.jpg]
[themewar.com/html/makeover/images/blog/t3.jpg]
[themewar.com/html/makeover/images/gallery/6.jpg]
[themewar.com/html/makeover/images/gallery/7.jpg]
[themewar.com/html/makeover/images/gallery/8.jpg]
[themewar.com/html/makeover/images/gallery/9.jpg]
[themewar.com/html/makeover/images/gallery/10.jpg]
[themewar.com/html/makeover/images/gallery/11.jpg]
[themewar.com/html/makeover/images/blog/13.jpg]
[themewar.com/html/makeover/images/blog/14.jpg]
[themewar.com/html/makeover/blog2.html]
[themewar.com/html/makeover/images/blog/7.jpg]
[themewar.com/html/makeover/images/blog/8.jpg]
[themewar.com/html/makeover/images/blog/9.jpg]
[themewar.com/html/makeover/blog3.html]
[themewar.com/html/makeover/images/blog/10.jpg]
[themewar.com/html/makeover/images/blog/11.jpg]
[themewar.com/html/makeover/images/blog/12.jpg]
[themewar.com/html/makeover/images/blog/author.jpg]
[themewar.com/html/makeover/single-blog.html]
[themewar.com/html/makeover/booking.html]
[themewar.com/html/makeover/package.html]
[themewar.com/html/makeover/testimonial.html]
[themewar.com/html/makeover/faq.html]
[themewar.com/html/makeover/images/gallery/12.jpg]
[themewar.com/html/makeover/images/gallery/13.jpg]
[themewar.com/html/makeover/images/gallery/14.jpg]
[themewar.com/html/makeover/images/gallery/15.jpg]
[themewar.com/html/makeover/gallery.html]
[themewar.com/html/makeover/images/gallery/16.jpg]
[themewar.com/html/makeover/images/gallery/17.jpg]
[themewar.com/html/makeover/images/gallery/18.jpg]
[themewar.com/html/makeover/images/gallery/19.jpg]
[themewar.com/html/makeover/images/gallery/20.jpg]
[themewar.com/html/makeover/single-gallery.html]
[themewar.com/html/makeover/images/home_02/t5.jpg]
[themewar.com/html/makeover/images/home_02/t6.jpg]
[themewar.com/html/makeover/images/home_02/t7.jpg]
[themewar.com/html/makeover/images/home_02/t8.jpg]
[themewar.com/html/makeover/team.html]
[themewar.com/html/makeover/images/single_team/1.jpg]
[themewar.com/html/makeover/single-team.html]
[themewar.com/html/makeover/contact.html]
[themewar.com/html/makeover/css/owl.video.play.html]
[themewar.com/html/makeover/fonts/noun74be.svg]
[themewar.com/html/makeover/fonts/MakeOver220e.svg]
[themewar.com/html/makeover/fonts/lightcaseeead.svg]
[themewar.com/html/makeover/fonts/revicons/revicons90c6.svg]
[themewar.com/html/makeover/css/openhand.html]
[themewar.com/html/makeover/css/closedhand.html]
[themewar.com/html/makeover/assets/gridtile.html]
[themewar.com/html/makeover/assets/gridtile_white.html]
[themewar.com/html/makeover/assets/gridtile_3x3.html]
[themewar.com/html/makeover/assets/gridtile_3x3_white.html]
[themewar.com/html/makeover/assets/coloredbg.html]
